>>> print_square = __import__("4-print_square").print_square

>>> print_square(2)
##
##

>>> print_square(0)

>>> print_square(5)
#####
#####
#####
#####
#####

"""
Errors
"""
>>> print_square(445, 334, 5445)
Traceback (most recent call last):
...
TypeError: print_square() takes 1 positional argument but 3 were given

>>> print_square("666")
Traceback (most recent call last):
...
TypeError: size must be an integer

>>> print_square()
Traceback (most recent call last):
...
TypeError: print_square() missing 1 required positional argument: 'size'




